Release 14.7 - xst P.20131013 (nt64)
Copyright (c) 1995-2013 Xilinx, Inc.  All rights reserved.
--> Parameter TMPDIR set to xst/projnav.tmp


Total REAL time to Xst completion: 0.00 secs
Total CPU time to Xst completion: 0.07 secs
 
--> Parameter xsthdpdir set to xst


Total REAL time to Xst completion: 0.00 secs
Total CPU time to Xst completion: 0.07 secs
 
--> Reading design: KTANE_Main.prj

TABLE OF CONTENTS
  1) Synthesis Options Summary
  2) HDL Parsing
  3) HDL Elaboration
  4) HDL Synthesis
       4.1) HDL Synthesis Report
  5) Advanced HDL Synthesis
       5.1) Advanced HDL Synthesis Report
  6) Low Level Synthesis
  7) Partition Report
  8) Design Summary
       8.1) Primitive and Black Box Usage
       8.2) Device utilization summary
       8.3) Partition Resource Summary
       8.4) Timing Report
            8.4.1) Clock Information
            8.4.2) Asynchronous Control Signals Information
            8.4.3) Timing Summary
            8.4.4) Timing Details
            8.4.5) Cross Clock Domains Report


=========================================================================
*                      Synthesis Options Summary                        *
=========================================================================
---- Source Parameters
Input File Name                    : "KTANE_Main.prj"
Ignore Synthesis Constraint File   : NO

---- Target Parameters
Output File Name                   : "KTANE_Main"
Output Format                      : NGC
Target Device                      : xc6slx9-3-tqg144

---- Source Options
Top Module Name                    : KTANE_Main
Automatic FSM Extraction           : YES
FSM Encoding Algorithm             : Auto
Safe Implementation                : No
FSM Style                          : LUT
RAM Extraction                     : Yes
RAM Style                          : Auto
ROM Extraction                     : Yes
Shift Register Extraction          : YES
ROM Style                          : Auto
Resource Sharing                   : YES
Asynchronous To Synchronous        : NO
Shift Register Minimum Size        : 2
Use DSP Block                      : Auto
Automatic Register Balancing       : No

---- Target Options
LUT Combining                      : Auto
Reduce Control Sets                : Auto
Add IO Buffers                     : YES
Global Maximum Fanout              : 100000
Add Generic Clock Buffer(BUFG)     : 16
Register Duplication               : YES
Optimize Instantiated Primitives   : NO
Use Clock Enable                   : Auto
Use Synchronous Set                : Auto
Use Synchronous Reset              : Auto
Pack IO Registers into IOBs        : Auto
Equivalent register Removal        : YES

---- General Options
Optimization Goal                  : Speed
Optimization Effort                : 1
Power Reduction                    : NO
Keep Hierarchy                     : No
Netlist Hierarchy                  : As_Optimized
RTL Output                         : Yes
Global Optimization                : AllClockNets
Read Cores                         : YES
Write Timing Constraints           : NO
Cross Clock Analysis               : NO
Hierarchy Separator                : /
Bus Delimiter                      : <>
Case Specifier                     : Maintain
Slice Utilization Ratio            : 100
BRAM Utilization Ratio             : 100
DSP48 Utilization Ratio            : 100
Auto BRAM Packing                  : NO
Slice Utilization Ratio Delta      : 5

=========================================================================


=========================================================================
*                          HDL Parsing                                  *
=========================================================================
Parsing VHDL file "C:\Users\Predator\Desktop\Learning Resources\DigitalSystem\KTANE_Main\ClockDivider20M.vhd" into library work
Parsing entity <ClockDivider20M>.
Parsing architecture <Behavioral> of entity <clockdivider20m>.
Parsing VHDL file "C:\Users\Predator\Desktop\Learning Resources\DigitalSystem\KTANE_Main\ClockDivider100K.vhd" into library work
Parsing entity <ClockDivider100K>.
Parsing architecture <Behavioral> of entity <clockdivider100k>.
Parsing VHDL file "C:\Users\Predator\Desktop\Learning Resources\DigitalSystem\KTANE_Main\SegmentTimerMultiplexer.vhd" into library work
Parsing entity <SegmentTimerMultiplexer>.
Parsing architecture <Behavioral> of entity <segmenttimermultiplexer>.
Parsing VHDL file "C:\Users\Predator\Desktop\Learning Resources\DigitalSystem\KTANE_Main\SegmentSerialMultiplexer.vhd" into library work
Parsing entity <SegmentSerialMultiplexer>.
Parsing architecture <Behavioral> of entity <segmentserialmultiplexer>.
Parsing VHDL file "C:\Users\Predator\Desktop\Learning Resources\DigitalSystem\KTANE_Main\CountdownTimer_130.vhd" into library work
Parsing entity <CountdownTimer_130>.
Parsing architecture <Behavioral> of entity <countdowntimer_130>.
Parsing VHDL file "C:\Users\Predator\Desktop\Learning Resources\DigitalSystem\KTANE_Main\CharacterIn7Seg.vhd" into library work
Parsing entity <CharacterIn7Seg>.
Parsing architecture <Behavioral> of entity <characterin7seg>.
Parsing VHDL file "C:\Users\Predator\Desktop\Learning Resources\DigitalSystem\KTANE_Main\BCDto7Seg.vhd" into library work
Parsing entity <BCDto7Seg>.
Parsing architecture <Behavioral> of entity <bcdto7seg>.
Parsing VHDL file "C:\Users\Predator\Desktop\Learning Resources\DigitalSystem\KTANE_Main\WinChecker.vhd" into library work
Parsing entity <WinChecker>.
Parsing architecture <Behavioral> of entity <winchecker>.
Parsing VHDL file "C:\Users\Predator\Desktop\Learning Resources\DigitalSystem\KTANE_Main\StrikeCounter.vhd" into library work
Parsing entity <StrikeCounter>.
Parsing architecture <Behavioral> of entity <strikecounter>.
Parsing VHDL file "C:\Users\Predator\Desktop\Learning Resources\DigitalSystem\KTANE_Main\SegmentSerialDisplay.vhd" into library work
Parsing entity <SegmentSerialDisplay>.
Parsing architecture <Behavioral> of entity <segmentserialdisplay>.
Parsing VHDL file "C:\Users\Predator\Desktop\Learning Resources\DigitalSystem\KTANE_Main\SegmentDisplay.vhd" into library work
Parsing entity <SegmentDisplay>.
Parsing architecture <Behavioral> of entity <segmentdisplay>.
Parsing VHDL file "C:\Users\Predator\Desktop\Learning Resources\DigitalSystem\KTANE_Main\LFSRRandomNumberGenerator.vhd" into library work
Parsing entity <LFSRRandom>.
Parsing architecture <Behavioral> of entity <lfsrrandom>.
Parsing VHDL file "C:\Users\Predator\Desktop\Learning Resources\DigitalSystem\KTANE_Main\DebounceButton.vhd" into library work
Parsing entity <DebounceButton>.
Parsing architecture <Behavioral> of entity <debouncebutton>.
Parsing VHDL file "C:\Users\Predator\Desktop\Learning Resources\DigitalSystem\KTANE_Main\KTANE_Main.vhd" into library work
Parsing entity <KTANE_Main>.
Parsing architecture <Behavioral> of entity <ktane_main>.

=========================================================================
*                            HDL Elaboration                            *
=========================================================================

Elaborating entity <KTANE_Main> (architecture <Behavioral>) from library <work>.

Elaborating entity <DebounceButton> (architecture <Behavioral>) from library <work>.

Elaborating entity <SegmentDisplay> (architecture <Behavioral>) from library <work>.

Elaborating entity <CountdownTimer_130> (architecture <Behavioral>) from library <work>.

Elaborating entity <ClockDivider20M> (architecture <Behavioral>) from library <work>.

Elaborating entity <BCDto7Seg> (architecture <Behavioral>) from library <work>.

Elaborating entity <SegmentTimerMultiplexer> (architecture <Behavioral>) from library <work>.

Elaborating entity <ClockDivider100K> (architecture <Behavioral>) from library <work>.

Elaborating entity <SegmentSerialDisplay> (architecture <Behavioral>) from library <work>.

Elaborating entity <CharacterIn7Seg> (architecture <Behavioral>) from library <work>.

Elaborating entity <SegmentSerialMultiplexer> (architecture <Behavioral>) from library <work>.

Elaborating entity <StrikeCounter> (architecture <Behavioral>) from library <work>.

Elaborating entity <WinChecker> (architecture <Behavioral>) from library <work>.

Elaborating entity <LFSRRandom> (architecture <Behavioral>) from library <work>.

=========================================================================
*                           HDL Synthesis                               *
=========================================================================

Synthesizing Unit <KTANE_Main>.
    Related source file is "C:\Users\Predator\Desktop\Learning Resources\DigitalSystem\KTANE_Main\KTANE_Main.vhd".
    Found 5-bit register for signal <resetModule>.
    Found 5-bit register for signal <enableGame>.
    Found 4-bit register for signal <currentState>.
    Found 1-bit register for signal <startRandom>.
    Found 8-bit register for signal <segment_out>.
    Found 4-bit register for signal <segment_common>.
    Found finite state machine <FSM_0> for signal <currentState>.
    -----------------------------------------------------------------------
    | States             | 4                                              |
    | Transitions        | 10                                             |
    | Inputs             | 4                                              |
    | Outputs            | 15                                             |
    | Clock              | clk (rising_edge)                              |
    | Reset              | debouncedReset (positive)                      |
    | Reset type         | asynchronous                                   |
    | Reset State        | 0001                                           |
    | Encoding           | auto                                           |
    | Implementation     | LUT                                            |
    -----------------------------------------------------------------------
    Found 4x2-bit Read Only RAM for signal <strikeLED>
    Found 2-bit comparator lessequal for signal <n0024> created at line 254
    Summary:
	inferred   1 RAM(s).
	inferred  23 D-type flip-flop(s).
	inferred   1 Comparator(s).
	inferred   2 Multiplexer(s).
	inferred   1 Finite State Machine(s).
Unit <KTANE_Main> synthesized.

Synthesizing Unit <DebounceButton>.
    Related source file is "C:\Users\Predator\Desktop\Learning Resources\DigitalSystem\KTANE_Main\DebounceButton.vhd".
    Found 1-bit register for signal <d2>.
    Found 1-bit register for signal <d3>.
    Found 1-bit register for signal <d1>.
    Summary:
	inferred   3 D-type flip-flop(s).
Unit <DebounceButton> synthesized.

Synthesizing Unit <SegmentDisplay>.
    Related source file is "C:\Users\Predator\Desktop\Learning Resources\DigitalSystem\KTANE_Main\SegmentDisplay.vhd".
    Summary:
	no macro.
Unit <SegmentDisplay> synthesized.

Synthesizing Unit <CountdownTimer_130>.
    Related source file is "C:\Users\Predator\Desktop\Learning Resources\DigitalSystem\KTANE_Main\CountdownTimer_130.vhd".
    Found 4-bit register for signal <min>.
    Found 4-bit register for signal <sec2>.
    Found 4-bit register for signal <sec1>.
    Found 1-bit register for signal <tc>.
    Found finite state machine <FSM_1> for signal <min>.
    -----------------------------------------------------------------------
    | States             | 2                                              |
    | Transitions        | 6                                              |
    | Inputs             | 2                                              |
    | Outputs            | 8                                              |
    | Clock              | dividedClk (falling_edge)                      |
    | Reset              | reset (positive)                               |
    | Reset type         | asynchronous                                   |
    | Reset State        | 0001                                           |
    | Power Up State     | 0001                                           |
    | Encoding           | auto                                           |
    | Implementation     | LUT                                            |
    -----------------------------------------------------------------------
    Found 4-bit subtractor for signal <GND_8_o_GND_8_o_sub_7_OUT<3:0>> created at line 87.
    Found 4-bit subtractor for signal <GND_8_o_GND_8_o_sub_14_OUT<3:0>> created at line 96.
    Summary:
	inferred   2 Adder/Subtractor(s).
	inferred   9 D-type flip-flop(s).
	inferred   5 Multiplexer(s).
	inferred   1 Finite State Machine(s).
Unit <CountdownTimer_130> synthesized.

Synthesizing Unit <ClockDivider20M>.
    Related source file is "C:\Users\Predator\Desktop\Learning Resources\DigitalSystem\KTANE_Main\ClockDivider20M.vhd".
    Found 24-bit register for signal <count>.
    Found 1-bit register for signal <tmp>.
    Found 24-bit adder for signal <count[23]_GND_9_o_add_1_OUT> created at line 54.
    Summary:
	inferred   1 Adder/Subtractor(s).
	inferred  25 D-type flip-flop(s).
	inferred   1 Multiplexer(s).
Unit <ClockDivider20M> synthesized.

Synthesizing Unit <BCDto7Seg>.
    Related source file is "C:\Users\Predator\Desktop\Learning Resources\DigitalSystem\KTANE_Main\BCDto7Seg.vhd".
    Found 16x8-bit Read Only RAM for signal <segments>
    Summary:
	inferred   1 RAM(s).
Unit <BCDto7Seg> synthesized.

Synthesizing Unit <SegmentTimerMultiplexer>.
    Related source file is "C:\Users\Predator\Desktop\Learning Resources\DigitalSystem\KTANE_Main\SegmentTimerMultiplexer.vhd".
    Found 2-bit register for signal <count>.
    Found 2-bit adder for signal <count[1]_GND_12_o_add_1_OUT> created at line 70.
    Found 4x4-bit Read Only RAM for signal <common_out>
    Found 8-bit 4-to-1 multiplexer for signal <seg_out> created at line 76.
    Summary:
	inferred   1 RAM(s).
	inferred   1 Adder/Subtractor(s).
	inferred   2 D-type flip-flop(s).
	inferred   2 Multiplexer(s).
Unit <SegmentTimerMultiplexer> synthesized.

Synthesizing Unit <ClockDivider100K>.
    Related source file is "C:\Users\Predator\Desktop\Learning Resources\DigitalSystem\KTANE_Main\ClockDivider100K.vhd".
    Found 16-bit register for signal <count>.
    Found 1-bit register for signal <tmp>.
    Found 16-bit adder for signal <count[15]_GND_13_o_add_1_OUT> created at line 54.
    Summary:
	inferred   1 Adder/Subtractor(s).
	inferred  17 D-type flip-flop(s).
	inferred   1 Multiplexer(s).
Unit <ClockDivider100K> synthesized.

Synthesizing Unit <SegmentSerialDisplay>.
    Related source file is "C:\Users\Predator\Desktop\Learning Resources\DigitalSystem\KTANE_Main\SegmentSerialDisplay.vhd".
    Summary:
	no macro.
Unit <SegmentSerialDisplay> synthesized.

Synthesizing Unit <CharacterIn7Seg>.
    Related source file is "C:\Users\Predator\Desktop\Learning Resources\DigitalSystem\KTANE_Main\CharacterIn7Seg.vhd".
    Found 4x8-bit Read Only RAM for signal <segment_out>
    Summary:
	inferred   1 RAM(s).
Unit <CharacterIn7Seg> synthesized.

Synthesizing Unit <SegmentSerialMultiplexer>.
    Related source file is "C:\Users\Predator\Desktop\Learning Resources\DigitalSystem\KTANE_Main\SegmentSerialMultiplexer.vhd".
    Found 2-bit register for signal <count>.
    Found 2-bit adder for signal <count[1]_GND_16_o_add_1_OUT> created at line 70.
    Found 4x4-bit Read Only RAM for signal <common_out>
    Found 8-bit 4-to-1 multiplexer for signal <seg_out> created at line 76.
    Summary:
	inferred   1 RAM(s).
	inferred   1 Adder/Subtractor(s).
	inferred   2 D-type flip-flop(s).
	inferred   2 Multiplexer(s).
Unit <SegmentSerialMultiplexer> synthesized.

Synthesizing Unit <StrikeCounter>.
    Related source file is "C:\Users\Predator\Desktop\Learning Resources\DigitalSystem\KTANE_Main\StrikeCounter.vhd".
    Found 2-bit register for signal <count>.
    Found 2-bit adder for signal <count[1]_GND_17_o_add_1_OUT> created at line 55.
    Summary:
	inferred   1 Adder/Subtractor(s).
	inferred   2 D-type flip-flop(s).
	inferred   1 Multiplexer(s).
Unit <StrikeCounter> synthesized.

Synthesizing Unit <WinChecker>.
    Related source file is "C:\Users\Predator\Desktop\Learning Resources\DigitalSystem\KTANE_Main\WinChecker.vhd".
    Summary:
	no macro.
Unit <WinChecker> synthesized.

Synthesizing Unit <LFSRRandom>.
    Related source file is "C:\Users\Predator\Desktop\Learning Resources\DigitalSystem\KTANE_Main\LFSRRandomNumberGenerator.vhd".
    Found 8-bit register for signal <Qt>.
    Summary:
	inferred   8 D-type flip-flop(s).
Unit <LFSRRandom> synthesized.

=========================================================================
HDL Synthesis Report

Macro Statistics
# RAMs                                                 : 10
 16x8-bit single-port Read Only RAM                    : 3
 4x2-bit single-port Read Only RAM                     : 1
 4x4-bit single-port Read Only RAM                     : 2
 4x8-bit single-port Read Only RAM                     : 4
# Adders/Subtractors                                   : 8
 16-bit adder                                          : 2
 2-bit adder                                           : 3
 24-bit adder                                          : 1
 4-bit subtractor                                      : 2
# Registers                                            : 27
 1-bit register                                        : 14
 16-bit register                                       : 2
 2-bit register                                        : 3
 24-bit register                                       : 1
 4-bit register                                        : 3
 5-bit register                                        : 2
 8-bit register                                        : 2
# Comparators                                          : 1
 2-bit comparator lessequal                            : 1
# Multiplexers                                         : 15
 1-bit 2-to-1 multiplexer                              : 2
 16-bit 2-to-1 multiplexer                             : 2
 2-bit 2-to-1 multiplexer                              : 3
 24-bit 2-to-1 multiplexer                             : 1
 4-bit 2-to-1 multiplexer                              : 4
 8-bit 2-to-1 multiplexer                              : 1
 8-bit 4-to-1 multiplexer                              : 2
# FSMs                                                 : 2
# Xors                                                 : 1
 1-bit xor4                                            : 1

=========================================================================

=========================================================================
*                       Advanced HDL Synthesis                          *
=========================================================================


Synthesizing (advanced) Unit <BCDto7Seg>.
INFO:Xst:3218 - HDL ADVISOR - The RAM <Mram_segments> will be implemented on LUTs either because you have described an asynchronous read or because of currently unsupported block RAM features. If you have described an asynchronous read, making it synchronous would allow you to take advantage of available block RAM resources, for optimized device usage and improved timings. Please refer to your documentation for coding guidelines.
    -----------------------------------------------------------------------
    | ram_type           | Distributed                         |          |
    -----------------------------------------------------------------------
    | Port A                                                              |
    |     aspect ratio   | 16-word x 8-bit                     |          |
    |     weA            | connected to signal <GND>           | high     |
    |     addrA          | connected to signal <bcd>           |          |
    |     diA            | connected to signal <GND>           |          |
    |     doA            | connected to signal <segments>      |          |
    -----------------------------------------------------------------------
Unit <BCDto7Seg> synthesized (advanced).

Synthesizing (advanced) Unit <CharacterIn7Seg>.
INFO:Xst:3218 - HDL ADVISOR - The RAM <Mram_segment_out> will be implemented on LUTs either because you have described an asynchronous read or because of currently unsupported block RAM features. If you have described an asynchronous read, making it synchronous would allow you to take advantage of available block RAM resources, for optimized device usage and improved timings. Please refer to your documentation for coding guidelines.
    -----------------------------------------------------------------------
    | ram_type           | Distributed                         |          |
    -----------------------------------------------------------------------
    | Port A                                                              |
    |     aspect ratio   | 4-word x 8-bit                      |          |
    |     weA            | connected to signal <GND>           | high     |
    |     addrA          | connected to signal <sel>           |          |
    |     diA            | connected to signal <GND>           |          |
    |     doA            | connected to signal <segment_out>   |          |
    -----------------------------------------------------------------------
Unit <CharacterIn7Seg> synthesized (advanced).

Synthesizing (advanced) Unit <ClockDivider100K>.
The following registers are absorbed into counter <count>: 1 register on signal <count>.
Unit <ClockDivider100K> synthesized (advanced).

Synthesizing (advanced) Unit <ClockDivider20M>.
The following registers are absorbed into counter <count>: 1 register on signal <count>.
Unit <ClockDivider20M> synthesized (advanced).

Synthesizing (advanced) Unit <CountdownTimer_130>.
The following registers are absorbed into counter <sec2>: 1 register on signal <sec2>.
Unit <CountdownTimer_130> synthesized (advanced).

Synthesizing (advanced) Unit <KTANE_Main>.
INFO:Xst:3218 - HDL ADVISOR - The RAM <Mram_strikeLED> will be implemented on LUTs either because you have described an asynchronous read or because of currently unsupported block RAM features. If you have described an asynchronous read, making it synchronous would allow you to take advantage of available block RAM resources, for optimized device usage and improved timings. Please refer to your documentation for coding guidelines.
    -----------------------------------------------------------------------
    | ram_type           | Distributed                         |          |
    -----------------------------------------------------------------------
    | Port A                                                              |
    |     aspect ratio   | 4-word x 2-bit                      |          |
    |     weA            | connected to signal <GND>           | high     |
    |     addrA          | connected to signal <strikeCount>   |          |
    |     diA            | connected to signal <GND>           |          |
    |     doA            | connected to signal <strikeLED>     |          |
    -----------------------------------------------------------------------
Unit <KTANE_Main> synthesized (advanced).

Synthesizing (advanced) Unit <SegmentSerialMultiplexer>.
INFO:Xst:3231 - The small RAM <Mram_common_out> will be implemented on LUTs in order to maximize performance and save block RAM resources. If you want to force its implementation on block, use option/constraint ram_style.
    -----------------------------------------------------------------------
    | ram_type           | Distributed                         |          |
    -----------------------------------------------------------------------
    | Port A                                                              |
    |     aspect ratio   | 4-word x 4-bit                      |          |
    |     weA            | connected to signal <GND>           | high     |
    |     addrA          | connected to signal <count>         |          |
    |     diA            | connected to signal <GND>           |          |
    |     doA            | connected to signal <common_out>    |          |
    -----------------------------------------------------------------------
Unit <SegmentSerialMultiplexer> synthesized (advanced).

Synthesizing (advanced) Unit <SegmentTimerMultiplexer>.
The following registers are absorbed into counter <count>: 1 register on signal <count>.
INFO:Xst:3231 - The small RAM <Mram_common_out> will be implemented on LUTs in order to maximize performance and save block RAM resources. If you want to force its implementation on block, use option/constraint ram_style.
    -----------------------------------------------------------------------
    | ram_type           | Distributed                         |          |
    -----------------------------------------------------------------------
    | Port A                                                              |
    |     aspect ratio   | 4-word x 4-bit                      |          |
    |     weA            | connected to signal <GND>           | high     |
    |     addrA          | connected to signal <count>         |          |
    |     diA            | connected to signal <GND>           |          |
    |     doA            | connected to signal <common_out>    |          |
    -----------------------------------------------------------------------
Unit <SegmentTimerMultiplexer> synthesized (advanced).

=========================================================================
Advanced HDL Synthesis Report

Macro Statistics
# RAMs                                                 : 10
 16x8-bit single-port distributed Read Only RAM        : 3
 4x2-bit single-port distributed Read Only RAM         : 1
 4x4-bit single-port distributed Read Only RAM         : 2
 4x8-bit single-port distributed Read Only RAM         : 4
# Adders/Subtractors                                   : 3
 2-bit adder                                           : 2
 4-bit subtractor                                      : 1
# Counters                                             : 5
 16-bit up counter                                     : 2
 2-bit up counter                                      : 1
 24-bit up counter                                     : 1
 4-bit down counter                                    : 1
# Registers                                            : 52
 Flip-Flops                                            : 52
# Comparators                                          : 1
 2-bit comparator lessequal                            : 1
# Multiplexers                                         : 8
 1-bit 2-to-1 multiplexer                              : 2
 4-bit 2-to-1 multiplexer                              : 3
 8-bit 2-to-1 multiplexer                              : 1
 8-bit 4-to-1 multiplexer                              : 2
# FSMs                                                 : 2
# Xors                                                 : 1
 1-bit xor4                                            : 1

=========================================================================

=========================================================================
*                         Low Level Synthesis                           *
=========================================================================
Analyzing FSM <MFsm> for best encoding.
Optimizing FSM <FSM_0> on signal <currentState[1:4]> with user encoding.
-------------------
 State | Encoding
-------------------
 0001  | 0001
 0010  | 0010
 0100  | 0100
 1000  | 1000
-------------------
Analyzing FSM <MFsm> for best encoding.
Optimizing FSM <Segment/Timer/FSM_1> on signal <min[1:1]> with sequential encoding.
-------------------
 State | Encoding
-------------------
 0001  | 0
 0000  | 1
-------------------
INFO:Xst:2261 - The FF/Latch <enableGame_0> in Unit <KTANE_Main> is equivalent to the following 4 FFs/Latches, which will be removed : <enableGame_1> <enableGame_2> <enableGame_3> <enableGame_4> 
INFO:Xst:2261 - The FF/Latch <resetModule_0> in Unit <KTANE_Main> is equivalent to the following 4 FFs/Latches, which will be removed : <resetModule_1> <resetModule_2> <resetModule_3> <resetModule_4> 

Optimizing unit <KTANE_Main> ...

Optimizing unit <CountdownTimer_130> ...
WARNING:Xst:1293 - FF/Latch <sec1_3> has a constant value of 0 in block <CountdownTimer_130>. This FF/Latch will be trimmed during the optimization process.
WARNING:Xst:1293 - FF/Latch <sec1_3> has a constant value of 0 in block <CountdownTimer_130>. This FF/Latch will be trimmed during the optimization process.

Optimizing unit <SegmentSerialMultiplexer> ...

Optimizing unit <LFSRRandom> ...
INFO:Xst:2261 - The FF/Latch <Segment/Multiplex/ClockDivider/count_0> in Unit <KTANE_Main> is equivalent to the following FF/Latch, which will be removed : <SegmentSerial/Multiplex/ClockDivider/count_0> 
INFO:Xst:2261 - The FF/Latch <Segment/Multiplex/ClockDivider/count_1> in Unit <KTANE_Main> is equivalent to the following FF/Latch, which will be removed : <SegmentSerial/Multiplex/ClockDivider/count_1> 
INFO:Xst:2261 - The FF/Latch <Segment/Multiplex/ClockDivider/count_2> in Unit <KTANE_Main> is equivalent to the following FF/Latch, which will be removed : <SegmentSerial/Multiplex/ClockDivider/count_2> 
INFO:Xst:2261 - The FF/Latch <Segment/Multiplex/ClockDivider/count_3> in Unit <KTANE_Main> is equivalent to the following FF/Latch, which will be removed : <SegmentSerial/Multiplex/ClockDivider/count_3> 
INFO:Xst:2261 - The FF/Latch <Segment/Multiplex/ClockDivider/count_4> in Unit <KTANE_Main> is equivalent to the following FF/Latch, which will be removed : <SegmentSerial/Multiplex/ClockDivider/count_4> 
INFO:Xst:2261 - The FF/Latch <Segment/Multiplex/ClockDivider/count_5> in Unit <KTANE_Main> is equivalent to the following FF/Latch, which will be removed : <SegmentSerial/Multiplex/ClockDivider/count_5> 
INFO:Xst:2261 - The FF/Latch <Segment/Multiplex/ClockDivider/count_6> in Unit <KTANE_Main> is equivalent to the following FF/Latch, which will be removed : <SegmentSerial/Multiplex/ClockDivider/count_6> 
INFO:Xst:2261 - The FF/Latch <Segment/Multiplex/ClockDivider/count_7> in Unit <KTANE_Main> is equivalent to the following FF/Latch, which will be removed : <SegmentSerial/Multiplex/ClockDivider/count_7> 
INFO:Xst:2261 - The FF/Latch <Segment/Multiplex/ClockDivider/count_8> in Unit <KTANE_Main> is equivalent to the following FF/Latch, which will be removed : <SegmentSerial/Multiplex/ClockDivider/count_8> 
INFO:Xst:2261 - The FF/Latch <Segment/Multiplex/ClockDivider/count_9> in Unit <KTANE_Main> is equivalent to the following FF/Latch, which will be removed : <SegmentSerial/Multiplex/ClockDivider/count_9> 
INFO:Xst:2261 - The FF/Latch <Segment/Multiplex/ClockDivider/count_10> in Unit <KTANE_Main> is equivalent to the following FF/Latch, which will be removed : <SegmentSerial/Multiplex/ClockDivider/count_10> 
INFO:Xst:2261 - The FF/Latch <Segment/Multiplex/ClockDivider/count_11> in Unit <KTANE_Main> is equivalent to the following FF/Latch, which will be removed : <SegmentSerial/Multiplex/ClockDivider/count_11> 
INFO:Xst:2261 - The FF/Latch <Segment/Multiplex/ClockDivider/count_12> in Unit <KTANE_Main> is equivalent to the following FF/Latch, which will be removed : <SegmentSerial/Multiplex/ClockDivider/count_12> 
INFO:Xst:2261 - The FF/Latch <Segment/Multiplex/ClockDivider/count_13> in Unit <KTANE_Main> is equivalent to the following FF/Latch, which will be removed : <SegmentSerial/Multiplex/ClockDivider/count_13> 
INFO:Xst:2261 - The FF/Latch <Segment/Multiplex/ClockDivider/count_14> in Unit <KTANE_Main> is equivalent to the following FF/Latch, which will be removed : <SegmentSerial/Multiplex/ClockDivider/count_14> 
INFO:Xst:2261 - The FF/Latch <Segment/Multiplex/ClockDivider/count_15> in Unit <KTANE_Main> is equivalent to the following FF/Latch, which will be removed : <SegmentSerial/Multiplex/ClockDivider/count_15> 
INFO:Xst:2261 - The FF/Latch <Segment/Multiplex/ClockDivider/tmp> in Unit <KTANE_Main> is equivalent to the following FF/Latch, which will be removed : <SegmentSerial/Multiplex/ClockDivider/tmp> 

Mapping all equations...
Building and optimizing final netlist ...
Found area constraint ratio of 100 (+ 5) on block KTANE_Main, actual ratio is 3.

Final Macro Processing ...

=========================================================================
Final Register Report

Macro Statistics
# Registers                                            : 91
 Flip-Flops                                            : 91

=========================================================================

=========================================================================
*                           Partition Report                            *
=========================================================================

Partition Implementation Status
-------------------------------

  No Partitions were found in this design.

-------------------------------

=========================================================================
*                            Design Summary                             *
=========================================================================

Top Level Output File Name         : KTANE_Main.ngc

Primitive and Black Box Usage:
------------------------------
# BELS                             : 238
#      GND                         : 1
#      INV                         : 7
#      LUT1                        : 38
#      LUT2                        : 21
#      LUT3                        : 7
#      LUT4                        : 14
#      LUT5                        : 47
#      LUT6                        : 24
#      MUXCY                       : 38
#      VCC                         : 1
#      XORCY                       : 40
# FlipFlops/Latches                : 91
#      FD                          : 10
#      FDC                         : 54
#      FDC_1                       : 2
#      FDCE                        : 7
#      FDCE_1                      : 1
#      FDE                         : 12
#      FDP                         : 2
#      FDPE                        : 1
#      FDPE_1                      : 2
# Clock Buffers                    : 1
#      BUFGP                       : 1
# IO Buffers                       : 45
#      IBUF                        : 13
#      OBUF                        : 32

Device utilization summary:
---------------------------

Selected Device : 6slx9tqg144-3 


Slice Logic Utilization: 
 Number of Slice Registers:              91  out of  11440     0%  
 Number of Slice LUTs:                  158  out of   5720     2%  
    Number used as Logic:               158  out of   5720     2%  

Slice Logic Distribution: 
 Number of LUT Flip Flop pairs used:    171
   Number with an unused Flip Flop:      80  out of    171    46%  
   Number with an unused LUT:            13  out of    171     7%  
   Number of fully used LUT-FF pairs:    78  out of    171    45%  
   Number of unique control sets:        11

IO Utilization: 
 Number of IOs:                          50
 Number of bonded IOBs:                  46  out of    102    45%  

Specific Feature Utilization:
 Number of BUFG/BUFGCTRLs:                1  out of     16     6%  

---------------------------
Partition Resource Summary:
---------------------------

  No Partitions were found in this design.

---------------------------


=========================================================================
Timing Report

NOTE: THESE TIMING NUMBERS ARE ONLY A SYNTHESIS ESTIMATE.
      FOR ACCURATE TIMING INFORMATION PLEASE REFER TO THE TRACE REPORT
      GENERATED AFTER PLACE-and-ROUTE.

Clock Information:
------------------
--------------------------------------------------+--------------------------------+-------+
Clock Signal                                      | Clock buffer(FF name)          | Load  |
--------------------------------------------------+--------------------------------+-------+
clk                                               | BUFGP                          | 76    |
StrikeResult/isStrike(StrikeResult/isStrike<0>1:O)| NONE(*)(StrikeResult/count_1)  | 2     |
Segment/Multiplex/ClockDivider/tmp                | NONE(Segment/Multiplex/count_0)| 4     |
Segment/Timer/ClockDivider/tmp                    | NONE(Segment/Timer/sec2_3)     | 9     |
--------------------------------------------------+--------------------------------+-------+
(*) This 1 clock signal(s) are generated by combinatorial logic,
and XST is not able to identify which are the primary clock signals.
Please use the CLOCK_SIGNAL constraint to specify the clock signal(s) generated by combinatorial logic.
INFO:Xst:2169 - HDL ADVISOR - Some clock signals were not automatically buffered by XST with BUFG/BUFR resources. Please use the buffer_type constraint in order to insert these buffers to the clock signals to help prevent skew problems.

Asynchronous Control Signals Information:
----------------------------------------
No asynchronous control signals found in this design

Timing Summary:
---------------
Speed Grade: -3

   Minimum period: 3.853ns (Maximum Frequency: 259.545MHz)
   Minimum input arrival time before clock: 3.598ns
   Maximum output required time after clock: 4.587ns
   Maximum combinational path delay: No path found

Timing Details:
---------------
All values displayed in nanoseconds (ns)

=========================================================================
Timing constraint: Default period analysis for Clock 'clk'
  Clock period: 3.853ns (frequency: 259.545MHz)
  Total number of paths / destination ports: 1639 / 147
-------------------------------------------------------------------------
Delay:               3.853ns (Levels of Logic = 3)
  Source:            Segment/Multiplex/ClockDivider/count_1 (FF)
  Destination:       Segment/Multiplex/ClockDivider/count_0 (FF)
  Source Clock:      clk rising
  Destination Clock: clk rising

  Data Path: Segment/Multiplex/ClockDivider/count_1 to Segment/Multiplex/ClockDivider/count_0
                                Gate     Net
    Cell:in->out      fanout   Delay   Delay  Logical Name (Net Name)
    ----------------------------------------  ------------
     FDC:C->Q              2   0.447   0.981  Segment/Multiplex/ClockDivider/count_1 (Segment/Multiplex/ClockDivider/count_1)
     LUT6:I0->O            1   0.203   0.684  Segment/Multiplex/ClockDivider/PWR_13_o_count[15]_equal_1_o<15>2 (Segment/Multiplex/ClockDivider/PWR_13_o_count[15]_equal_1_o<15>1)
     LUT6:I4->O           17   0.203   1.028  Segment/Multiplex/ClockDivider/PWR_13_o_count[15]_equal_1_o<15>3 (Segment/Multiplex/ClockDivider/PWR_13_o_count[15]_equal_1_o)
     LUT2:I1->O            1   0.205   0.000  Segment/Multiplex/ClockDivider/Mcount_count_eqn_01 (Segment/Multiplex/ClockDivider/Mcount_count_eqn_0)
     FDC:D                     0.102          Segment/Multiplex/ClockDivider/count_0
    ----------------------------------------
    Total                      3.853ns (1.160ns logic, 2.693ns route)
                                       (30.1% logic, 69.9% route)

=========================================================================
Timing constraint: Default period analysis for Clock 'StrikeResult/isStrike'
  Clock period: 2.016ns (frequency: 495.933MHz)
  Total number of paths / destination ports: 3 / 2
-------------------------------------------------------------------------
Delay:               2.016ns (Levels of Logic = 1)
  Source:            StrikeResult/count_0 (FF)
  Destination:       StrikeResult/count_0 (FF)
  Source Clock:      StrikeResult/isStrike rising
  Destination Clock: StrikeResult/isStrike rising

  Data Path: StrikeResult/count_0 to StrikeResult/count_0
                                Gate     Net
    Cell:in->out      fanout   Delay   Delay  Logical Name (Net Name)
    ----------------------------------------  ------------
     FDC:C->Q              4   0.447   0.683  StrikeResult/count_0 (StrikeResult/count_0)
     INV:I->O              1   0.206   0.579  StrikeResult/Mmux_count[1]_GND_17_o_mux_2_OUT11_INV_0 (StrikeResult/count[1]_GND_17_o_mux_2_OUT<0>)
     FDC:D                     0.102          StrikeResult/count_0
    ----------------------------------------
    Total                      2.016ns (0.755ns logic, 1.261ns route)
                                       (37.4% logic, 62.6% route)

=========================================================================
Timing constraint: Default period analysis for Clock 'Segment/Multiplex/ClockDivider/tmp'
  Clock period: 2.291ns (frequency: 436.500MHz)
  Total number of paths / destination ports: 6 / 4
-------------------------------------------------------------------------
Delay:               2.291ns (Levels of Logic = 1)
  Source:            Segment/Multiplex/count_0 (FF)
  Destination:       Segment/Multiplex/count_0 (FF)
  Source Clock:      Segment/Multiplex/ClockDivider/tmp rising
  Destination Clock: Segment/Multiplex/ClockDivider/tmp rising

  Data Path: Segment/Multiplex/count_0 to Segment/Multiplex/count_0
                                Gate     Net
    Cell:in->out      fanout   Delay   Delay  Logical Name (Net Name)
    ----------------------------------------  ------------
     FDC:C->Q             14   0.447   0.957  Segment/Multiplex/count_0 (Segment/Multiplex/count_0)
     INV:I->O              1   0.206   0.579  Segment/Multiplex/Mcount_count_xor<0>11_INV_0 (Segment/Multiplex/Mcount_count)
     FDC:D                     0.102          Segment/Multiplex/count_0
    ----------------------------------------
    Total                      2.291ns (0.755ns logic, 1.536ns route)
                                       (33.0% logic, 67.0% route)

=========================================================================
Timing constraint: Default period analysis for Clock 'Segment/Timer/ClockDivider/tmp'
  Clock period: 3.067ns (frequency: 326.057MHz)
  Total number of paths / destination ports: 68 / 12
-------------------------------------------------------------------------
Delay:               3.067ns (Levels of Logic = 2)
  Source:            Segment/Timer/sec2_2 (FF)
  Destination:       Segment/Timer/sec2_3 (FF)
  Source Clock:      Segment/Timer/ClockDivider/tmp falling
  Destination Clock: Segment/Timer/ClockDivider/tmp falling

  Data Path: Segment/Timer/sec2_2 to Segment/Timer/sec2_3
                                Gate     Net
    Cell:in->out      fanout   Delay   Delay  Logical Name (Net Name)
    ----------------------------------------  ------------
     FDC:C->Q             14   0.447   1.186  Segment/Timer/sec2_2 (Segment/Timer/sec2_2)
     LUT3:I0->O            1   0.205   0.924  Segment/Timer/Mcount_sec2_xor<3>1_SW0 (N4)
     LUT6:I1->O            1   0.203   0.000  Segment/Timer/Mcount_sec2_xor<3>1 (Segment/Timer/Mcount_sec23)
     FDC:D                     0.102          Segment/Timer/sec2_3
    ----------------------------------------
    Total                      3.067ns (0.957ns logic, 2.110ns route)
                                       (31.2% logic, 68.8% route)

=========================================================================
Timing constraint: Default OFFSET IN BEFORE for Clock 'clk'
  Total number of paths / destination ports: 8 / 4
-------------------------------------------------------------------------
Offset:              3.598ns (Levels of Logic = 3)
  Source:            win<3> (PAD)
  Destination:       currentState_FSM_FFd3 (FF)
  Destination Clock: clk rising

  Data Path: win<3> to currentState_FSM_FFd3
                                Gate     Net
    Cell:in->out      fanout   Delay   Delay  Logical Name (Net Name)
    ----------------------------------------  ------------
     IBUF:I->O             1   1.222   0.924  win_3_IBUF (win_3_IBUF)
     LUT5:I0->O            1   0.203   0.944  currentState_FSM_FFd3-In2 (currentState_FSM_FFd3-In2)
     LUT6:I0->O            1   0.203   0.000  currentState_FSM_FFd3-In4 (currentState_FSM_FFd3-In)
     FDC:D                     0.102          currentState_FSM_FFd3
    ----------------------------------------
    Total                      3.598ns (1.730ns logic, 1.868ns route)
                                       (48.1% logic, 51.9% route)

=========================================================================
Timing constraint: Default OFFSET OUT AFTER for Clock 'clk'
  Total number of paths / destination ports: 30 / 30
-------------------------------------------------------------------------
Offset:              3.820ns (Levels of Logic = 1)
  Source:            LFSRRandomMode/Qt_3 (FF)
  Destination:       randomMode<3> (PAD)
  Source Clock:      clk rising

  Data Path: LFSRRandomMode/Qt_3 to randomMode<3>
                                Gate     Net
    Cell:in->out      fanout   Delay   Delay  Logical Name (Net Name)
    ----------------------------------------  ------------
     FDCE:C->Q             8   0.447   0.802  LFSRRandomMode/Qt_3 (LFSRRandomMode/Qt_3)
     OBUF:I->O                 2.571          randomMode_3_OBUF (randomMode<3>)
    ----------------------------------------
    Total                      3.820ns (3.018ns logic, 0.802ns route)
                                       (79.0% logic, 21.0% route)

=========================================================================
Timing constraint: Default OFFSET OUT AFTER for Clock 'StrikeResult/isStrike'
  Total number of paths / destination ports: 3 / 2
-------------------------------------------------------------------------
Offset:              4.587ns (Levels of Logic = 2)
  Source:            StrikeResult/count_1 (FF)
  Destination:       strikeLED<0> (PAD)
  Source Clock:      StrikeResult/isStrike rising

  Data Path: StrikeResult/count_1 to strikeLED<0>
                                Gate     Net
    Cell:in->out      fanout   Delay   Delay  Logical Name (Net Name)
    ----------------------------------------  ------------
     FDC:C->Q              4   0.447   0.788  StrikeResult/count_1 (StrikeResult/count_1)
     LUT2:I0->O            1   0.203   0.579  Mram_strikeLED11 (strikeLED_0_OBUF)
     OBUF:I->O                 2.571          strikeLED_0_OBUF (strikeLED<0>)
    ----------------------------------------
    Total                      4.587ns (3.221ns logic, 1.366ns route)
                                       (70.2% logic, 29.8% route)

=========================================================================

Cross Clock Domains Report:
--------------------------

Clock to Setup on destination clock Segment/Multiplex/ClockDivider/tmp
----------------------------------+---------+---------+---------+---------+
                                  | Src:Rise| Src:Fall| Src:Rise| Src:Fall|
Source Clock                      |Dest:Rise|Dest:Rise|Dest:Fall|Dest:Fall|
----------------------------------+---------+---------+---------+---------+
Segment/Multiplex/ClockDivider/tmp|    2.291|         |         |         |
clk                               |    3.227|         |         |         |
----------------------------------+---------+---------+---------+---------+

Clock to Setup on destination clock Segment/Timer/ClockDivider/tmp
------------------------------+---------+---------+---------+---------+
                              | Src:Rise| Src:Fall| Src:Rise| Src:Fall|
Source Clock                  |Dest:Rise|Dest:Rise|Dest:Fall|Dest:Fall|
------------------------------+---------+---------+---------+---------+
Segment/Timer/ClockDivider/tmp|         |         |    3.067|         |
clk                           |         |         |    3.227|         |
------------------------------+---------+---------+---------+---------+

Clock to Setup on destination clock StrikeResult/isStrike
---------------------+---------+---------+---------+---------+
                     | Src:Rise| Src:Fall| Src:Rise| Src:Fall|
Source Clock         |Dest:Rise|Dest:Rise|Dest:Fall|Dest:Fall|
---------------------+---------+---------+---------+---------+
StrikeResult/isStrike|    2.016|         |         |         |
clk                  |    3.227|         |         |         |
---------------------+---------+---------+---------+---------+

Clock to Setup on destination clock clk
----------------------------------+---------+---------+---------+---------+
                                  | Src:Rise| Src:Fall| Src:Rise| Src:Fall|
Source Clock                      |Dest:Rise|Dest:Rise|Dest:Fall|Dest:Fall|
----------------------------------+---------+---------+---------+---------+
Segment/Multiplex/ClockDivider/tmp|    3.713|         |         |         |
Segment/Timer/ClockDivider/tmp    |         |    3.629|         |         |
StrikeResult/isStrike             |    2.666|         |         |         |
clk                               |    3.853|         |         |         |
----------------------------------+---------+---------+---------+---------+

=========================================================================


Total REAL time to Xst completion: 4.00 secs
Total CPU time to Xst completion: 4.35 secs
 
--> 

Total memory usage is 4510940 kilobytes

Number of errors   :    0 (   0 filtered)
Number of warnings :    2 (   0 filtered)
Number of infos    :   25 (   0 filtered)

