--------------------------------------------------------------------------------
Release 14.7 Trace  (nt64)
Copyright (c) 1995-2013 Xilinx, Inc.  All rights reserved.

D:\ISE\14.7\ISE_DS\ISE\bin\nt64\unwrapped\trce.exe -intstyle ise -v 3 -s 3 -n 3
-fastpaths -xml MainAndBigButtonWrapper.twx MainAndBigButtonWrapper.ncd -o
MainAndBigButtonWrapper.twr MainAndBigButtonWrapper.pcf -ucf
MainAndBigButtonWrapper.ucf

Design file:              MainAndBigButtonWrapper.ncd
Physical constraint file: MainAndBigButtonWrapper.pcf
Device,package,speed:     xc6slx9,tqg144,C,-3 (PRODUCTION 1.23 2013-10-13)
Report level:             verbose report

Environment Variable      Effect 
--------------------      ------ 
NONE                      No environment variables were set
--------------------------------------------------------------------------------

INFO:Timing:2698 - No timing constraints found, doing default enumeration.
INFO:Timing:3412 - To improve timing, see the Timing Closure User Guide (UG612).
INFO:Timing:2752 - To get complete path coverage, use the unconstrained paths 
   option. All paths that are not constrained will be reported in the 
   unconstrained paths section(s) of the report.
INFO:Timing:3339 - The clock-to-out numbers in this timing report are based on 
   a 50 Ohm transmission line loading model.  For the details of this model, 
   and for more information on accounting for different loading conditions, 
   please see the device datasheet.



Data Sheet report:
-----------------
All values displayed in nanoseconds (ns)

Setup/Hold to clock clk
------------+------------+------------+------------+------------+------------------+--------+
            |Max Setup to|  Process   |Max Hold to |  Process   |                  | Clock  |
Source      | clk (edge) |   Corner   | clk (edge) |   Corner   |Internal Clock(s) | Phase  |
------------+------------+------------+------------+------------+------------------+--------+
win<0>      |    2.569(R)|      SLOW  |   -1.046(R)|      FAST  |clk_BUFGP         |   0.000|
win<1>      |    3.147(R)|      SLOW  |   -1.421(R)|      FAST  |clk_BUFGP         |   0.000|
win<2>      |    2.753(R)|      SLOW  |   -1.143(R)|      FAST  |clk_BUFGP         |   0.000|
win<3>      |    2.537(R)|      SLOW  |   -1.021(R)|      FAST  |clk_BUFGP         |   0.000|
------------+------------+------------+------------+------------+------------------+--------+

Clock clk to Pad
-----------------+-----------------+------------+-----------------+------------+------------------+--------+
                 |Max (slowest) clk|  Process   |Min (fastest) clk|  Process   |                  | Clock  |
Destination      |  (edge) to PAD  |   Corner   |  (edge) to PAD  |   Corner   |Internal Clock(s) | Phase  |
-----------------+-----------------+------------+-----------------+------------+------------------+--------+
buzzer           |         6.905(R)|      SLOW  |         3.522(R)|      FAST  |clk_BUFGP         |   0.000|
enableGame<0>    |         7.031(R)|      SLOW  |         3.620(R)|      FAST  |clk_BUFGP         |   0.000|
enableGame<1>    |         7.165(R)|      SLOW  |         3.695(R)|      FAST  |clk_BUFGP         |   0.000|
enableGame<2>    |         7.218(R)|      SLOW  |         3.731(R)|      FAST  |clk_BUFGP         |   0.000|
enableGame<3>    |         7.353(R)|      SLOW  |         3.814(R)|      FAST  |clk_BUFGP         |   0.000|
randomMode<0>    |         7.150(R)|      SLOW  |         3.695(R)|      FAST  |clk_BUFGP         |   0.000|
randomMode<1>    |         7.133(R)|      SLOW  |         3.722(R)|      FAST  |clk_BUFGP         |   0.000|
randomMode<2>    |         7.510(R)|      SLOW  |         3.982(R)|      FAST  |clk_BUFGP         |   0.000|
randomMode<3>    |         7.510(R)|      SLOW  |         3.982(R)|      FAST  |clk_BUFGP         |   0.000|
randomMode<4>    |         7.559(R)|      SLOW  |         4.034(R)|      FAST  |clk_BUFGP         |   0.000|
randomMode<5>    |         7.539(R)|      SLOW  |         4.001(R)|      FAST  |clk_BUFGP         |   0.000|
resetModule<0>   |         7.561(R)|      SLOW  |         3.941(R)|      FAST  |clk_BUFGP         |   0.000|
resetModule<1>   |         7.409(R)|      SLOW  |         3.845(R)|      FAST  |clk_BUFGP         |   0.000|
resetModule<2>   |         7.400(R)|      SLOW  |         3.844(R)|      FAST  |clk_BUFGP         |   0.000|
resetModule<3>   |         7.456(R)|      SLOW  |         3.835(R)|      FAST  |clk_BUFGP         |   0.000|
segment_common<0>|         7.407(R)|      SLOW  |         3.868(R)|      FAST  |clk_BUFGP         |   0.000|
segment_common<1>|         7.075(R)|      SLOW  |         3.646(R)|      FAST  |clk_BUFGP         |   0.000|
segment_common<2>|         6.891(R)|      SLOW  |         3.515(R)|      FAST  |clk_BUFGP         |   0.000|
segment_common<3>|         7.497(R)|      SLOW  |         3.979(R)|      FAST  |clk_BUFGP         |   0.000|
segment_out<0>   |         7.588(R)|      SLOW  |         3.945(R)|      FAST  |clk_BUFGP         |   0.000|
segment_out<1>   |         7.690(R)|      SLOW  |         4.062(R)|      FAST  |clk_BUFGP         |   0.000|
segment_out<2>   |         7.491(R)|      SLOW  |         3.914(R)|      FAST  |clk_BUFGP         |   0.000|
segment_out<3>   |         7.646(R)|      SLOW  |         4.028(R)|      FAST  |clk_BUFGP         |   0.000|
segment_out<4>   |         7.339(R)|      SLOW  |         3.858(R)|      FAST  |clk_BUFGP         |   0.000|
segment_out<5>   |         7.291(R)|      SLOW  |         3.854(R)|      FAST  |clk_BUFGP         |   0.000|
segment_out<6>   |         7.024(R)|      SLOW  |         3.584(R)|      FAST  |clk_BUFGP         |   0.000|
segment_out<7>   |         6.913(R)|      SLOW  |         3.537(R)|      FAST  |clk_BUFGP         |   0.000|
winLED           |         8.201(R)|      SLOW  |         4.372(R)|      FAST  |clk_BUFGP         |   0.000|
-----------------+-----------------+------------+-----------------+------------+------------------+--------+

Clock strike<0> to Pad
------------+-----------------+------------+-----------------+------------+--------------------------+--------+
            |Max (slowest) clk|  Process   |Min (fastest) clk|  Process   |                          | Clock  |
Destination |  (edge) to PAD  |   Corner   |  (edge) to PAD  |   Corner   |Internal Clock(s)         | Phase  |
------------+-----------------+------------+-----------------+------------+--------------------------+--------+
strikeLED<0>|        10.113(R)|      SLOW  |         5.701(R)|      FAST  |Main/StrikeResult/isStrike|   0.000|
strikeLED<1>|         9.300(R)|      SLOW  |         5.465(R)|      FAST  |Main/StrikeResult/isStrike|   0.000|
------------+-----------------+------------+-----------------+------------+--------------------------+--------+

Clock strike<1> to Pad
------------+-----------------+------------+-----------------+------------+--------------------------+--------+
            |Max (slowest) clk|  Process   |Min (fastest) clk|  Process   |                          | Clock  |
Destination |  (edge) to PAD  |   Corner   |  (edge) to PAD  |   Corner   |Internal Clock(s)         | Phase  |
------------+-----------------+------------+-----------------+------------+--------------------------+--------+
strikeLED<0>|        10.131(R)|      SLOW  |         5.712(R)|      FAST  |Main/StrikeResult/isStrike|   0.000|
strikeLED<1>|         9.318(R)|      SLOW  |         5.476(R)|      FAST  |Main/StrikeResult/isStrike|   0.000|
------------+-----------------+------------+-----------------+------------+--------------------------+--------+

Clock strike<2> to Pad
------------+-----------------+------------+-----------------+------------+--------------------------+--------+
            |Max (slowest) clk|  Process   |Min (fastest) clk|  Process   |                          | Clock  |
Destination |  (edge) to PAD  |   Corner   |  (edge) to PAD  |   Corner   |Internal Clock(s)         | Phase  |
------------+-----------------+------------+-----------------+------------+--------------------------+--------+
strikeLED<0>|         9.979(R)|      SLOW  |         5.571(R)|      FAST  |Main/StrikeResult/isStrike|   0.000|
strikeLED<1>|         9.166(R)|      SLOW  |         5.335(R)|      FAST  |Main/StrikeResult/isStrike|   0.000|
------------+-----------------+------------+-----------------+------------+--------------------------+--------+

Clock strike<3> to Pad
------------+-----------------+------------+-----------------+------------+--------------------------+--------+
            |Max (slowest) clk|  Process   |Min (fastest) clk|  Process   |                          | Clock  |
Destination |  (edge) to PAD  |   Corner   |  (edge) to PAD  |   Corner   |Internal Clock(s)         | Phase  |
------------+-----------------+------------+-----------------+------------+--------------------------+--------+
strikeLED<0>|         9.969(R)|      SLOW  |         5.627(R)|      FAST  |Main/StrikeResult/isStrike|   0.000|
strikeLED<1>|         9.156(R)|      SLOW  |         5.391(R)|      FAST  |Main/StrikeResult/isStrike|   0.000|
------------+-----------------+------------+-----------------+------------+--------------------------+--------+

Clock to Setup on destination clock clk
---------------+---------+---------+---------+---------+
               | Src:Rise| Src:Fall| Src:Rise| Src:Fall|
Source Clock   |Dest:Rise|Dest:Rise|Dest:Fall|Dest:Fall|
---------------+---------+---------+---------+---------+
clk            |    3.919|         |         |         |
strike<0>      |    4.026|         |         |         |
strike<1>      |    4.026|         |         |         |
strike<2>      |    4.026|         |         |         |
strike<3>      |    4.026|         |         |         |
---------------+---------+---------+---------+---------+

Clock to Setup on destination clock strike<0>
---------------+---------+---------+---------+---------+
               | Src:Rise| Src:Fall| Src:Rise| Src:Fall|
Source Clock   |Dest:Rise|Dest:Rise|Dest:Fall|Dest:Fall|
---------------+---------+---------+---------+---------+
strike<0>      |    1.238|         |         |         |
strike<1>      |    1.238|         |         |         |
strike<2>      |    1.238|         |         |         |
strike<3>      |    1.238|         |         |         |
---------------+---------+---------+---------+---------+

Clock to Setup on destination clock strike<1>
---------------+---------+---------+---------+---------+
               | Src:Rise| Src:Fall| Src:Rise| Src:Fall|
Source Clock   |Dest:Rise|Dest:Rise|Dest:Fall|Dest:Fall|
---------------+---------+---------+---------+---------+
strike<0>      |    1.238|         |         |         |
strike<1>      |    1.238|         |         |         |
strike<2>      |    1.238|         |         |         |
strike<3>      |    1.238|         |         |         |
---------------+---------+---------+---------+---------+

Clock to Setup on destination clock strike<2>
---------------+---------+---------+---------+---------+
               | Src:Rise| Src:Fall| Src:Rise| Src:Fall|
Source Clock   |Dest:Rise|Dest:Rise|Dest:Fall|Dest:Fall|
---------------+---------+---------+---------+---------+
strike<0>      |    1.238|         |         |         |
strike<1>      |    1.238|         |         |         |
strike<2>      |    1.238|         |         |         |
strike<3>      |    1.238|         |         |         |
---------------+---------+---------+---------+---------+

Clock to Setup on destination clock strike<3>
---------------+---------+---------+---------+---------+
               | Src:Rise| Src:Fall| Src:Rise| Src:Fall|
Source Clock   |Dest:Rise|Dest:Rise|Dest:Fall|Dest:Fall|
---------------+---------+---------+---------+---------+
strike<0>      |    1.238|         |         |         |
strike<1>      |    1.238|         |         |         |
strike<2>      |    1.238|         |         |         |
strike<3>      |    1.238|         |         |         |
---------------+---------+---------+---------+---------+


Analysis completed Fri Dec 18 02:08:33 2020 
--------------------------------------------------------------------------------

Trace Settings:
-------------------------
Trace Settings 

Peak Memory Usage: 4552 MB



